// Jest Snapshot v1, https://goo.gl/fbAQLP

exports[`renders the Form component correctly 1`] = `
<div>
  <div
    class="container"
  >
    <form
      class="container"
      style="margin-top: 40px;"
    >
      <h2>
        Register
      </h2>
      <div
        class="form-item"
      >
        <label
          for="name"
        >
          Name
        </label>
        <input
          id="name"
          name="name"
          placeholder="Enter Name"
          required=""
          size="100"
          type="text"
          value=""
        />
      </div>
      <div
        class="form-item"
      >
        <label
          for="email"
        >
          Email
        </label>
        <input
          id="email"
          name="email"
          placeholder="Enter Email"
          required=""
          type="email"
          value=""
        />
        <small
          class="error"
        />
      </div>
      <div
        class="form-item"
      >
        <label
          for="phone"
        >
          Phone
        </label>
        <input
          id="phone"
          name="phone"
          placeholder="Enter phone eg.1231231234"
          required=""
          type="text"
          value=""
        />
        <small
          class="error"
        />
      </div>
      <div
        class="form-item"
      >
        <label
          for="password"
        >
          Password
        </label>
        <input
          autocomplete="off"
          id="password"
          name="password"
          placeholder="Enter Password"
          required=""
          type="password"
          value=""
        />
        <small
          class="error"
        />
      </div>
      <div
        class="form-item"
      >
        <label
          for="dob"
        >
          Datebirth
        </label>
        <input
          id="dob"
          name="dob"
          placeholder="Date of birth eg. dd/mm/yyyy"
          required=""
          type="text"
          value=""
        />
        <small
          class="error"
        />
      </div>
      <div
        class="form-item"
      >
        <label
          for="gender"
        >
          Select Your Gender
        </label>
        <select
          id="gender"
          name="gender"
          required=""
        >
          <option
            value=""
          >
            -- select one --
          </option>
          <option
            value="Male"
          >
            Male
          </option>
          <option
            value="Female"
          >
            Female
          </option>
        </select>
      </div>
      <div
        class="form-item"
      >
        <label
          for="religion"
        >
          What is your religion?
        </label>
        <select
          id="religion"
          name="religion"
        >
          <option
            value=""
          >
            -- select one --
          </option>
          <option
            value="African Traditional & Diasporic"
          >
            African Traditional & Diasporic
          </option>
          <option
            value="Agnostic"
          >
            Agnostic
          </option>
          <option
            value="Atheist"
          >
            Atheist
          </option>
          <option
            value="Baha'i"
          >
            Baha'i
          </option>
          <option
            value="Buddhism"
          >
            Buddhism
          </option>
          <option
            value="Cao Dai"
          >
            Cao Dai
          </option>
          <option
            value="Chinese traditional religion"
          >
            Chinese traditional religion
          </option>
          <option
            value="Christianity"
          >
            Christianity
          </option>
          <option
            value="Hinduism"
          >
            Hinduism
          </option>
          <option
            value="Islam"
          >
            Islam
          </option>
          <option
            value="Jainism"
          >
            Jainism
          </option>
          <option
            value="Juche"
          >
            Juche
          </option>
          <option
            value="Judaism"
          >
            Judaism
          </option>
          <option
            value="Neo-Paganism"
          >
            Neo-Paganism
          </option>
          <option
            value="Nonreligious"
          >
            Nonreligious
          </option>
          <option
            value="Rastafarianism"
          >
            Rastafarianism
          </option>
          <option
            value="Secular"
          >
            Secular
          </option>
          <option
            value="Shinto"
          >
            Shinto
          </option>
          <option
            value="Sikhism"
          >
            Sikhism
          </option>
          <option
            value="Spiritism"
          >
            Spiritism
          </option>
          <option
            value="Tenrikyo"
          >
            Tenrikyo
          </option>
          <option
            value="Unitarian-Universalism"
          >
            Unitarian-Universalism
          </option>
          <option
            value="Zoroastrianism"
          >
            Zoroastrianism
          </option>
          <option
            value="primal-indigenous"
          >
            primal-indigenous
          </option>
          <option
            value="Other"
          >
            Other
          </option>
        </select>
      </div>
      <label>
        What is the highest degree or level of school you have completed?
      </label>
      <br />
      <br />
      <div
        class="form-item"
      >
        <input
          class="ml-3"
          id="high"
          name="edu"
          type="radio"
          value="High school graduate, diploma or the equivalent"
        />
        <label
          class="ml-3"
          for="high"
        >
          High school graduate, diploma or the equivalent
        </label>
      </div>
      <div
        class="form-item"
      >
        <input
          class="ml-3"
          id="associate"
          name="edu"
          type="radio"
          value="Associate degree"
        />
        <label
          class="ml-3"
          for="associate"
        >
          Associate degree
        </label>
      </div>
      <div
        class="form-item"
      >
        <input
          class="ml-3"
          id="bachelor"
          name="edu"
          type="radio"
          value="Bachelor’s degree"
        />
        <label
          class="ml-3"
          for="bachelor"
        >
          Bachelor’s degree
        </label>
      </div>
      <div
        class="form-item"
      >
        <input
          class="ml-3"
          id="master"
          name="edu"
          type="radio"
          value="Master’s degree"
        />
        <label
          class="ml-3"
          for="master"
        >
          Master’s degree
        </label>
      </div>
      <input
        class="btn btn-sub"
        type="submit"
        value="Submit"
      />
    </form>
  </div>
</div>
`;
