// Jest Snapshot v1, https://goo.gl/fbAQLP

exports[`renders the Error component correctly 1`] = `
<div>
  <div
    class="container"
  >
    <div
      class="not-found"
    >
      <div>
        <p
          class="center"
          style="text-align: center;"
        >
          <img
            alt="a kitten"
            sizes="(max-width: 600px) 400px, (max-width: 768px) 300px, (max-width: 992px) 400px, (max-width: 1200px) 500px, 600px"
            src="http://placekitten.com/200/200"
            srcset="
                        http://placekitten.com/300/300 300w,
                        http://placekitten.com/400/400 400w,
                        http://placekitten.com/500/500 500w,
                        http://placekitten.com/600/600 600w"
          />
        </p>
      </div>
      <div>
        <h1
          class="large"
        >
          404
        </h1>
        <h1
          class="center"
        >
          Opps!! 
          <br />
           Page Not Found
        </h1>
        <br />
        <br />
        <div
          style="text-align: center;"
        >
          <a
            class="btn-back"
            href="/"
          >
            Back to Home
          </a>
        </div>
        <br />
        <br />
      </div>
    </div>
  </div>
</div>
`;
