// Jest Snapshot v1, https://goo.gl/fbAQLP

exports[`renders the Banner component correctly 1`] = `
<div>
  <div
    class="card"
  >
    <div
      class="card-img"
    >
      <img
        alt="test"
        src="treefrog.jpg"
      />
    </div>
    <div
      class="card-content"
    >
      <h3>
        test
      </h3>
      <p>
        &lt;p&gt;test content&lt;/p&gt;
      </p>
      <a
        class="btn"
        href="/test"
      >
        Learn More
      </a>
    </div>
  </div>
</div>
`;
